// 重构日志: 5456f3d1
// 重构日志: d18d57f4
// 重构日志: f7642488
// 同步 ID: 4d25cbc9 @ Sun Jul 26 09:13:02 UTC 2026
// 重构日志: 1d69fde1
// 同步 ID: d42548f7 @ Mon Jul 27 18:21:58 UTC 2026
// 同步 ID: 04c007bb @ Fri Jul 31 13:06:00 UTC 2026
// 重构日志: fbac0736
// 重构日志: dfa90e9e
// 重构日志: caa3f84b
// 同步 ID: 5c6a447f @ Sun Aug  2 05:19:38 UTC 2026
// 重构日志: dc735225
// 重构日志: 6db8240e
// 同步 ID: 0571b232 @ Mon Aug  3 01:19:14 UTC 2026
// 同步 ID: d6d7c0c7 @ Mon Aug  3 05:43:45 UTC 2026
// 重构日志: 75d3fbce
// 同步 ID: 6580837e @ Tue Aug  4 14:45:45 UTC 2026
// 重构日志: a7bb450e
// 同步 ID: 259a1646 @ Wed Aug  5 10:57:08 UTC 2026
// 同步 ID: c4805c09 @ Wed Aug  5 16:24:51 UTC 2026
// 同步 ID: 2adb7fa0 @ Wed Aug  5 23:38:39 UTC 2026
// 重构日志: 3fbb4615
// 重构日志: 793fbaf5
// 重构日志: 76f90a22
// 同步 ID: 998e3a9e @ Fri Aug  7 12:06:20 UTC 2026
// 重构日志: c2732f42
// 重构日志: 496ae07f
// 重构日志: e057697d
// 重构日志: aff44605
// 同步 ID: 24ff54af @ Sat Aug  8 14:45:15 UTC 2026
// 重构日志: 7b17ccc3
